// Jest Snapshot v1, https://goo.gl/fbAQLP

exports[`NewComponent Component should render correctly with different children 1`] = `
<DocumentFragment>
  <div
    class="next-lib-template_container"
  >
    <span>
      Foo Bar
    </span>
  </div>
</DocumentFragment>
`;
